Row: 1
Column: 1
Message:
For pattern:

Defines:
where:
when?:
means:
using?:
written:
Metadata?:

Expected 'where' but found 'means'
EndMessage: