Document(
  groups = [
             EntryGroup(
               entrySection = EntrySection(
                 names = [
                         ]
               )
               typeSection = TypeSection(
                 text = ""note""
               )
               contentSection = ContentSection(
                 text = ""This is a note""
               )
               metaDataSection = null
             )
           ]
)
