Document(
  groups = [
             TheoremGroup(
               signature = null
               id = null
               theoremSection = TheoremSection(
                 names = [
                         ]
               )
               givenSection = null
               givenWhereSection = null
               ifOrIffSection = null
               thenSection = ThenSection(
                 clauses = ClauseListNode(
                   clauses = [
                               Text(
                                 text = ""Let $x$ be something.""
                               )
                             ]
                 )
               )
               usingSection = null
               metaDataSection = null
             )
           ]
)
