Document(
  groups = [
             TheoremGroup(
               theoremSection = TheoremSection(
                 names = [
                         ]
               )
               givenSection = null
               givenWhereSection = null
               thenSection = ThenSection(
                 clauses = ClauseListNode(
                   clauses = [
                               ForAllGroup(
                                 forAllSection = ForAllSection(
                                   targets = [
                                               AbstractionNode(
                                                 abstraction = Abstraction(
                                                   isEnclosed = true
                                                   isVarArgs = false
                                                   parts = [
                                                             AbstractionPart(
                                                               name = Phase1Token(
                                                                 text = "a"
                                                                 type = ChalkTalkTokenType.Name
                                                                 row = 2
                                                                 column = 12
                                                               )
                                                               subParams = [
                                                                             Phase1Token(
                                                                               text = "i"
                                                                               type = ChalkTalkTokenType.Name
                                                                               row = 2
                                                                               column = 14
                                                                             )
                                                                           ]
                                                               params = null
                                                               tail = null
                                                             )
                                                           ]
                                                   subParams = null
                                                 )
                                               )
                                             ]
                                 )
                                 whereSection = null
                                 suchThatSection = null
                                 thenSection = ThenSection(
                                   clauses = ClauseListNode(
                                     clauses = [
                                                 AbstractionNode(
                                                   abstraction = Abstraction(
                                                     isEnclosed = false
                                                     isVarArgs = false
                                                     parts = [
                                                               AbstractionPart(
                                                                 name = Phase1Token(
                                                                   text = "x"
                                                                   type = ChalkTalkTokenType.Name
                                                                   row = 3
                                                                   column = 9
                                                                 )
                                                                 subParams = null
                                                                 params = null
                                                                 tail = null
                                                               )
                                                             ]
                                                     subParams = null
                                                   )
                                                 )
                                               ]
                                   )
                                 )
                               )
                             ]
                 )
               )
               usingSection = null
               metaDataSection = null
             )
           ]
)
