Document(
  groups = [
             TheoremGroup(
               theoremSection = TheoremSection(
                 clauses = ClauseListNode(
                   clauses = [
                               AbstractionNode(
                                 abstraction = Abstraction(
                                   isEnclosed = false
                                   isVarArgs = false
                                   parts = [
                                             AbstractionPart(
                                               name = Phase1Token(
                                                 text = "a"
                                                 type = ChalkTalkTokenType.Name
                                                 row = 0
                                                 column = 9
                                               )
                                               subParams = null
                                               params = null
                                               tail = null
                                             )
                                           ]
                                   subParams = null
                                 )
                               ),
                               AbstractionNode(
                                 abstraction = Abstraction(
                                   isEnclosed = false
                                   isVarArgs = false
                                   parts = [
                                             AbstractionPart(
                                               name = Phase1Token(
                                                 text = "b"
                                                 type = ChalkTalkTokenType.Name
                                                 row = 0
                                                 column = 12
                                               )
                                               subParams = null
                                               params = null
                                               tail = null
                                             )
                                           ]
                                   subParams = null
                                 )
                               ),
                               AbstractionNode(
                                 abstraction = Abstraction(
                                   isEnclosed = false
                                   isVarArgs = false
                                   parts = [
                                             AbstractionPart(
                                               name = Phase1Token(
                                                 text = "c"
                                                 type = ChalkTalkTokenType.Name
                                                 row = 1
                                                 column = 3
                                               )
                                               subParams = null
                                               params = null
                                               tail = null
                                             )
                                           ]
                                   subParams = null
                                 )
                               ),
                               AbstractionNode(
                                 abstraction = Abstraction(
                                   isEnclosed = false
                                   isVarArgs = false
                                   parts = [
                                             AbstractionPart(
                                               name = Phase1Token(
                                                 text = "d"
                                                 type = ChalkTalkTokenType.Name
                                                 row = 2
                                                 column = 3
                                               )
                                               subParams = null
                                               params = null
                                               tail = null
                                             )
                                           ]
                                   subParams = null
                                 )
                               ),
                               AbstractionNode(
                                 abstraction = Abstraction(
                                   isEnclosed = false
                                   isVarArgs = false
                                   parts = [
                                             AbstractionPart(
                                               name = Phase1Token(
                                                 text = "e"
                                                 type = ChalkTalkTokenType.Name
                                                 row = 2
                                                 column = 6
                                               )
                                               subParams = null
                                               params = null
                                               tail = null
                                             )
                                           ]
                                   subParams = null
                                 )
                               ),
                               AbstractionNode(
                                 abstraction = Abstraction(
                                   isEnclosed = false
                                   isVarArgs = false
                                   parts = [
                                             AbstractionPart(
                                               name = Phase1Token(
                                                 text = "f"
                                                 type = ChalkTalkTokenType.Name
                                                 row = 3
                                                 column = 3
                                               )
                                               subParams = null
                                               params = null
                                               tail = null
                                             )
                                           ]
                                   subParams = null
                                 )
                               )
                             ]
                 )
               )
               usingSection = null
               whereSection = null
               metaDataSection = null
             )
           ]
)
