Document(
  groups = [
             TheoremGroup(
               signature = null
               id = null
               theoremSection = TheoremSection(
                 names = [
                         ]
               )
               givenSection = null
               givenWhereSection = null
               ifOrIffSection = null
               thenSection = ThenSection(
                 clauses = ClauseListNode(
                   clauses = [
                               AbstractionNode(
                                 abstraction = Abstraction(
                                   isEnclosed = false
                                   isVarArgs = false
                                   parts = [
                                             AbstractionPart(
                                               name = Phase1Token(
                                                 text = "a"
                                                 type = ChalkTalkTokenType.Name
                                                 row = 1
                                                 column = 7
                                               )
                                               subParams = null
                                               params = null
                                               tail = null
                                             )
                                           ]
                                   subParams = null
                                 )
                               ),
                               AbstractionNode(
                                 abstraction = Abstraction(
                                   isEnclosed = false
                                   isVarArgs = false
                                   parts = [
                                             AbstractionPart(
                                               name = Phase1Token(
                                                 text = "b"
                                                 type = ChalkTalkTokenType.Name
                                                 row = 1
                                                 column = 10
                                               )
                                               subParams = null
                                               params = null
                                               tail = null
                                             )
                                           ]
                                   subParams = null
                                 )
                               ),
                               AbstractionNode(
                                 abstraction = Abstraction(
                                   isEnclosed = false
                                   isVarArgs = false
                                   parts = [
                                             AbstractionPart(
                                               name = Phase1Token(
                                                 text = "c"
                                                 type = ChalkTalkTokenType.Name
                                                 row = 1
                                                 column = 13
                                               )
                                               subParams = null
                                               params = null
                                               tail = null
                                             )
                                           ]
                                   subParams = null
                                 )
                               )
                             ]
                 )
               )
               usingSection = null
               metaDataSection = null
             )
           ]
)
