Root(
  groups = [
             Group(
               sections = [
                            Section(
                              name = Phase1Token(
                                text = "Theorem"
                                type = ChalkTalkTokenType.Name
                                row = 0
                                column = 0
                              )
                              args = [
                                       Argument(
                                         chalkTalkTarget = Group(
                                           sections = [
                                                        Section(
                                                          name = Phase1Token(
                                                            text = "for"
                                                            type = ChalkTalkTokenType.Name
                                                            row = 1
                                                            column = 3
                                                          )
                                                          args = [
                                                                   Argument(
                                                                     chalkTalkTarget = Abstraction(
                                                                       isEnclosed = false
                                                                       parts = [
                                                                                 AbstractionPart(
                                                                                   name = Phase1Token(
                                                                                     text = "a"
                                                                                     type = ChalkTalkTokenType.Name
                                                                                     row = 1
                                                                                     column = 8
                                                                                   )
                                                                                   subParams = [
                                                                                                 Phase1Token(
                                                                                                   text = "n"
                                                                                                   type = ChalkTalkTokenType.Name
                                                                                                   row = 1
                                                                                                   column = 11
                                                                                                 ),
                                                                                                 Phase1Token(
                                                                                                   text = "m"
                                                                                                   type = ChalkTalkTokenType.Name
                                                                                                   row = 1
                                                                                                   column = 14
                                                                                                 )
                                                                                               ]
                                                                                   params = [
                                                                                              Phase1Token(
                                                                                                text = "x"
                                                                                                type = ChalkTalkTokenType.Name
                                                                                                row = 1
                                                                                                column = 17
                                                                                              ),
                                                                                              Phase1Token(
                                                                                                text = "y"
                                                                                                type = ChalkTalkTokenType.Name
                                                                                                row = 1
                                                                                                column = 20
                                                                                              )
                                                                                            ]
                                                                                 )
                                                                               ]
                                                                     )
                                                                   )
                                                                 ]
                                                        ),
                                                        Section(
                                                          name = Phase1Token(
                                                            text = "then"
                                                            type = ChalkTalkTokenType.Name
                                                            row = 2
                                                            column = 3
                                                          )
                                                          args = [
                                                                   Argument(
                                                                     chalkTalkTarget = Abstraction(
                                                                       isEnclosed = false
                                                                       parts = [
                                                                                 AbstractionPart(
                                                                                   name = Phase1Token(
                                                                                     text = "b"
                                                                                     type = ChalkTalkTokenType.Name
                                                                                     row = 2
                                                                                     column = 9
                                                                                   )
                                                                                   subParams = null
                                                                                   params = null
                                                                                 )
                                                                               ]
                                                                     )
                                                                   )
                                                                 ]
                                                        )
                                                      ]
                                           id = null
                                         )
                                       )
                                     ]
                            )
                          ]
               id = null
             )
           ]
)
