Document(
  groups = [
             TheoremGroup(
               signature = null
               id = null
               theoremSection = TheoremSection(
                 names = [
                         ]
               )
               givenSection = null
               givenWhereSection = null
               thenSection = ThenSection(
                 clauses = ClauseListNode(
                   clauses = [
                               Text(
                                 text = ""something""
                               )
                             ]
                 )
               )
               usingSection = null
               metaDataSection = MetaDataSection(
                 items = [
                           StringSectionGroup(
                             section = StringSection(
                               name = "classification"
                               values = [
                                          ""a"",
                                          ""b"",
                                          ""c""
                                        ]
                             )
                           )
                         ]
               )
             )
           ]
)
