ExpressionTexTalkNode(
  children = [
               Command(
                 parts = [
                           CommandPart(
                             name = TextTexTalkNode(
                               type = TexTalkNodeType.Identifier
                               tokenType = TexTalkTokenType.Identifier
                               text = "cos"
                               isVarArg = false
                             )
                             square = null
                             subSup = null
                             groups = [
                                        GroupTexTalkNode(
                                          type = TexTalkNodeType.CurlyGroup
                                          parameters = ParametersTexTalkNode(
                                            items = [
                                                      ExpressionTexTalkNode(
                                                        children = [
                                                                     TextTexTalkNode(
                                                                       type = TexTalkNodeType.Identifier
                                                                       tokenType = TexTalkTokenType.Identifier
                                                                       text = "x"
                                                                       isVarArg = false
                                                                     )
                                                                   ]
                                                      ),
                                                      ExpressionTexTalkNode(
                                                        children = [
                                                                     TextTexTalkNode(
                                                                       type = TexTalkNodeType.Identifier
                                                                       tokenType = TexTalkTokenType.Identifier
                                                                       text = "y"
                                                                       isVarArg = false
                                                                     )
                                                                   ]
                                                      ),
                                                      ExpressionTexTalkNode(
                                                        children = [
                                                                     TextTexTalkNode(
                                                                       type = TexTalkNodeType.Identifier
                                                                       tokenType = TexTalkTokenType.Identifier
                                                                       text = "z"
                                                                       isVarArg = false
                                                                     )
                                                                   ]
                                                      )
                                                    ]
                                          )
                                          isVarArg = false
                                        )
                                      ]
                             namedGroups = [
                                           ]
                           )
                         ]
               )
             ]
)
