Document(
  defines = [
            ]
  represents = [
               ]
  theorems = [
               TheoremGroup(
                 theoremSection = TheoremSection(
                   clauses = ClauseListNode(
                     clauses = [
                                 AbstractionNode(
                                   abstraction = Abstraction(
                                     isEnclosed = false
                                     isVarArgs = false
                                     parts = [
                                               AbstractionPart(
                                                 name = Phase1Token(
                                                   text = "abc..."
                                                   type = ChalkTalkTokenType.Name
                                                   row = 0
                                                   column = 9
                                                 )
                                                 subParams = null
                                                 params = null
                                                 tail = null
                                               )
                                             ]
                                     subParams = null
                                   )
                                 )
                               ]
                   )
                 )
                 aliasSection = null
                 metaDataSection = null
               )
             ]
  axioms = [
           ]
  conjectures = [
                ]
  resources = [
              ]
  protoGroups = [
                ]
)
