Document(
  groups = [
             TheoremGroup(
               theoremSection = TheoremSection(
                 clauses = ClauseListNode(
                   clauses = [
                               Text(
                                 text = ""something""
                               )
                             ]
                 )
               )
               usingSection = null
               whereSection = null
               metaDataSection = MetaDataSection(
                 items = [
                           StringSectionGroup(
                             section = StringSection(
                               name = "tag"
                               values = [
                                          ""a"",
                                          ""b"",
                                          ""c""
                                        ]
                             )
                           )
                         ]
               )
             )
           ]
)
