Document(
  groups = [
             TheoremGroup(
               theoremSection = TheoremSection(
                 clauses = ClauseListNode(
                   clauses = [
                               ForGroup(
                                 forSection = ForSection(
                                   targets = [
                                               AbstractionNode(
                                                 abstraction = Abstraction(
                                                   isEnclosed = true
                                                   isVarArgs = false
                                                   parts = [
                                                             AbstractionPart(
                                                               name = Phase1Token(
                                                                 text = "a"
                                                                 type = ChalkTalkTokenType.Name
                                                                 row = 1
                                                                 column = 9
                                                               )
                                                               subParams = [
                                                                             Phase1Token(
                                                                               text = "k"
                                                                               type = ChalkTalkTokenType.Name
                                                                               row = 1
                                                                               column = 11
                                                                             )
                                                                           ]
                                                               params = null
                                                               tail = null
                                                             )
                                                           ]
                                                   subParams = [
                                                                 Phase1Token(
                                                                   text = "k"
                                                                   type = ChalkTalkTokenType.Name
                                                                   row = 1
                                                                   column = 14
                                                                 )
                                                               ]
                                                 )
                                               )
                                             ]
                                 )
                                 whereSection = null
                                 thenSection = ThenSection(
                                   clauses = ClauseListNode(
                                     clauses = [
                                                 Text(
                                                   text = ""something""
                                                 )
                                               ]
                                   )
                                 )
                               )
                             ]
                 )
               )
               usingSection = null
               whereSection = null
               metaDataSection = null
             )
           ]
)
