Document(
  groups = [
             DefinitionGroup(
               definitionSection = DefinitionSection(
                 clauses = ClauseListNode(
                   clauses = [
                               Text(
                                 text = ""This is a definition""
                               ),
                               Statement(
                                 text = "a + b"
                                 texTalkRoot = ValidationSuccessImpl(
                                   v = ExpressionTexTalkNode(
                                     children = [
                                                  OperatorTexTalkNode(
                                                    lhs = TextTexTalkNode(
                                                      type = TexTalkNodeType.Identifier
                                                      tokenType = TexTalkTokenType.Identifier
                                                      text = "a"
                                                      isVarArg = false
                                                    )
                                                    command = TextTexTalkNode(
                                                      type = TexTalkNodeType.Operator
                                                      tokenType = TexTalkTokenType.Operator
                                                      text = "+"
                                                      isVarArg = false
                                                    )
                                                    rhs = TextTexTalkNode(
                                                      type = TexTalkNodeType.Identifier
                                                      tokenType = TexTalkTokenType.Identifier
                                                      text = "b"
                                                      isVarArg = false
                                                    )
                                                  )
                                                ]
                                   )
                                 )
                               )
                             ]
                 )
               )
               usingSection = null
               whereSection = null
               metaDataSection = null
             )
           ]
)
