Row: 2
Column: 12
Message:
Expected a name, but found "a"
EndMessage: