Document(
  groups = [
             EntryGroup(
               entrySection = EntrySection(
                 names = [
                         ]
               )
               typeSection = TypeSection(
                 text = ""problem""
               )
               contentSection = ContentSection(
                 text = ""This is a problem""
               )
               metaDataSection = null
             )
           ]
)
