Document(
  defines = [
            ]
  represents = [
               ]
  theorems = [
               TheoremGroup(
                 theoremSection = TheoremSection(
                   clauses = ClauseListNode(
                     clauses = [
                                 Text(
                                   text = ""something""
                                 )
                               ]
                   )
                 )
                 aliasSection = null
                 metaDataSection = MetaDataSection(
                   items = [
                             StringSectionGroup(
                               section = StringSection(
                                 name = "tag"
                                 values = [
                                            ""a""
                                          ]
                               )
                             )
                           ]
                 )
               )
             ]
  axioms = [
           ]
  conjectures = [
                ]
  resources = [
              ]
  protoGroups = [
                ]
)
