Row: 0
Column: 0
Message:
A Represents must have an Id
EndMessage:


