ExpressionTexTalkNode(
  children = [
               IsTexTalkNode(
                 lhs = ParametersTexTalkNode(
                   items = [
                             ExpressionTexTalkNode(
                               children = [
                                            TextTexTalkNode(
                                              type = TexTalkNodeType.Identifier
                                              tokenType = TexTalkTokenType.Identifier
                                              text = "a"
                                              isVarArg = false
                                            )
                                          ]
                             ),
                             ExpressionTexTalkNode(
                               children = [
                                            TextTexTalkNode(
                                              type = TexTalkNodeType.Identifier
                                              tokenType = TexTalkTokenType.Identifier
                                              text = "b"
                                              isVarArg = false
                                            )
                                          ]
                             ),
                             ExpressionTexTalkNode(
                               children = [
                                            TextTexTalkNode(
                                              type = TexTalkNodeType.Identifier
                                              tokenType = TexTalkTokenType.Identifier
                                              text = "c"
                                              isVarArg = false
                                            )
                                          ]
                             )
                           ]
                 )
                 rhs = ParametersTexTalkNode(
                   items = [
                             ExpressionTexTalkNode(
                               children = [
                                            TextTexTalkNode(
                                              type = TexTalkNodeType.Identifier
                                              tokenType = TexTalkTokenType.Identifier
                                              text = "x"
                                              isVarArg = false
                                            )
                                          ]
                             ),
                             ExpressionTexTalkNode(
                               children = [
                                            TextTexTalkNode(
                                              type = TexTalkNodeType.Identifier
                                              tokenType = TexTalkTokenType.Identifier
                                              text = "y"
                                              isVarArg = false
                                            )
                                          ]
                             ),
                             ExpressionTexTalkNode(
                               children = [
                                            TextTexTalkNode(
                                              type = TexTalkNodeType.Identifier
                                              tokenType = TexTalkTokenType.Identifier
                                              text = "z"
                                              isVarArg = false
                                            )
                                          ]
                             )
                           ]
                 )
               )
             ]
)
