Document(
  defines = [
            ]
  represents = [
               ]
  theorems = [
               TheoremGroup(
                 theoremSection = TheoremSection(
                   clauses = ClauseListNode(
                     clauses = [
                                 ForGroup(
                                   forSection = ForSection(
                                     targets = [
                                                 AbstractionNode(
                                                   abstraction = Abstraction(
                                                     isEnclosed = false
                                                     parts = [
                                                               AbstractionPart(
                                                                 name = Phase1Token(
                                                                   text = "a"
                                                                   type = ChalkTalkTokenType.Name
                                                                   row = 1
                                                                   column = 8
                                                                 )
                                                                 subParams = [
                                                                             ]
                                                                 params = [
                                                                          ]
                                                               )
                                                             ]
                                                   )
                                                 )
                                               ]
                                   )
                                   whereSection = null
                                   thenSection = ThenSection(
                                     clauses = ClauseListNode(
                                       clauses = [
                                                   AbstractionNode(
                                                     abstraction = Abstraction(
                                                       isEnclosed = false
                                                       parts = [
                                                                 AbstractionPart(
                                                                   name = Phase1Token(
                                                                     text = "b"
                                                                     type = ChalkTalkTokenType.Name
                                                                     row = 2
                                                                     column = 9
                                                                   )
                                                                   subParams = null
                                                                   params = null
                                                                 )
                                                               ]
                                                     )
                                                   )
                                                 ]
                                     )
                                   )
                                 )
                               ]
                   )
                 )
                 aliasSection = null
                 metaDataSection = null
               )
             ]
  axioms = [
           ]
  conjectures = [
                ]
  resources = [
              ]
  protoGroups = [
                ]
)
