Document(
  groups = [
             TheoremGroup(
               signature = null
               id = null
               theoremSection = TheoremSection(
                 names = [
                         ]
               )
               givenSection = null
               givenWhereSection = null
               thenSection = ThenSection(
                 clauses = ClauseListNode(
                   clauses = [
                               AbstractionNode(
                                 abstraction = Abstraction(
                                   isEnclosed = false
                                   isVarArgs = false
                                   parts = [
                                             AbstractionPart(
                                               name = Phase1Token(
                                                 text = "f"
                                                 type = ChalkTalkTokenType.Name
                                                 row = 1
                                                 column = 7
                                               )
                                               subParams = null
                                               params = [
                                                          Phase1Token(
                                                            text = "x"
                                                            type = ChalkTalkTokenType.Name
                                                            row = 1
                                                            column = 9
                                                          )
                                                        ]
                                               tail = null
                                             )
                                           ]
                                   subParams = null
                                 )
                               )
                             ]
                 )
               )
               usingSection = null
               metaDataSection = null
             )
           ]
)
