ExpressionTexTalkNode(
  children = [
               TextTexTalkNode(
                 type = TexTalkNodeType.Identifier
                 text = "f"
                 isVarArg = false
               ),
               GroupTexTalkNode(
                 type = TexTalkNodeType.ParenGroup
                 parameters = ParametersTexTalkNode(
                   items = [
                             ExpressionTexTalkNode(
                               children = [
                                            TextTexTalkNode(
                                              type = TexTalkNodeType.Identifier
                                              text = "x"
                                              isVarArg = false
                                            ),
                                            TextTexTalkNode(
                                              type = TexTalkNodeType.Operator
                                              text = "+"
                                              isVarArg = false
                                            ),
                                            TextTexTalkNode(
                                              type = TexTalkNodeType.Identifier
                                              text = "2"
                                              isVarArg = false
                                            ),
                                            TextTexTalkNode(
                                              type = TexTalkNodeType.Operator
                                              text = "*"
                                              isVarArg = false
                                            ),
                                            GroupTexTalkNode(
                                              type = TexTalkNodeType.ParenGroup
                                              parameters = ParametersTexTalkNode(
                                                items = [
                                                          ExpressionTexTalkNode(
                                                            children = [
                                                                         TextTexTalkNode(
                                                                           type = TexTalkNodeType.Identifier
                                                                           text = "x"
                                                                           isVarArg = false
                                                                         ),
                                                                         TextTexTalkNode(
                                                                           type = TexTalkNodeType.Operator
                                                                           text = "+"
                                                                           isVarArg = false
                                                                         ),
                                                                         TextTexTalkNode(
                                                                           type = TexTalkNodeType.Identifier
                                                                           text = "y"
                                                                           isVarArg = false
                                                                         )
                                                                       ]
                                                          )
                                                        ]
                                              )
                                              isVarArg = false
                                            ),
                                            TextTexTalkNode(
                                              type = TexTalkNodeType.Operator
                                              text = "^"
                                              isVarArg = false
                                            ),
                                            TextTexTalkNode(
                                              type = TexTalkNodeType.Identifier
                                              text = "2"
                                              isVarArg = false
                                            )
                                          ]
                             )
                           ]
                 )
                 isVarArg = false
               ),
               TextTexTalkNode(
                 type = TexTalkNodeType.Operator
                 text = "+"
                 isVarArg = false
               ),
               GroupTexTalkNode(
                 type = TexTalkNodeType.ParenGroup
                 parameters = ParametersTexTalkNode(
                   items = [
                             ExpressionTexTalkNode(
                               children = [
                                            TextTexTalkNode(
                                              type = TexTalkNodeType.Identifier
                                              text = "a"
                                              isVarArg = false
                                            ),
                                            TextTexTalkNode(
                                              type = TexTalkNodeType.Operator
                                              text = "+"
                                              isVarArg = false
                                            ),
                                            TextTexTalkNode(
                                              type = TexTalkNodeType.Identifier
                                              text = "b"
                                              isVarArg = false
                                            )
                                          ]
                             )
                           ]
                 )
                 isVarArg = false
               ),
               TextTexTalkNode(
                 type = TexTalkNodeType.Operator
                 text = "/"
                 isVarArg = false
               ),
               TextTexTalkNode(
                 type = TexTalkNodeType.Identifier
                 text = "2"
                 isVarArg = false
               )
             ]
)
