Row: 0
Column: 0
Message:
Section 'Result' requires at least one argument.
EndMessage:


