ExpressionTexTalkNode(
  children = [
               Command(
                 parts = [
                           CommandPart(
                             name = TextTexTalkNode(
                               type = TexTalkNodeType.Identifier
                               text = "cos"
                               isVarArg = false
                             )
                             square = GroupTexTalkNode(
                               type = TexTalkNodeType.SquareGroup
                               parameters = ParametersTexTalkNode(
                                 items = [
                                           ExpressionTexTalkNode(
                                             children = [
                                                          TextTexTalkNode(
                                                            type = TexTalkNodeType.Identifier
                                                            text = "x"
                                                            isVarArg = false
                                                          )
                                                        ]
                                           ),
                                           ExpressionTexTalkNode(
                                             children = [
                                                          TextTexTalkNode(
                                                            type = TexTalkNodeType.Identifier
                                                            text = "y"
                                                            isVarArg = false
                                                          )
                                                        ]
                                           ),
                                           ExpressionTexTalkNode(
                                             children = [
                                                          TextTexTalkNode(
                                                            type = TexTalkNodeType.Identifier
                                                            text = "z"
                                                            isVarArg = false
                                                          )
                                                        ]
                                           )
                                         ]
                               )
                               isVarArg = false
                             )
                             subSup = null
                             groups = [
                                      ]
                             namedGroups = [
                                           ]
                           )
                         ]
               )
             ]
)
