Root(
  groups = [
             Group(
               sections = [
                            Section(
                              name = Phase1Token(
                                text = "Entry"
                                type = ChalkTalkTokenType.Name
                                row = 1
                                column = 0
                              )
                              args = [
                                     ]
                            ),
                            Section(
                              name = Phase1Token(
                                text = "type"
                                type = ChalkTalkTokenType.Name
                                row = 2
                                column = 0
                              )
                              args = [
                                       Argument(
                                         chalkTalkTarget = Phase1Token(
                                           text = ""problem""
                                           type = ChalkTalkTokenType.String
                                           row = 2
                                           column = 6
                                         )
                                       )
                                     ]
                            ),
                            Section(
                              name = Phase1Token(
                                text = "content"
                                type = ChalkTalkTokenType.Name
                                row = 3
                                column = 0
                              )
                              args = [
                                       Argument(
                                         chalkTalkTarget = Phase1Token(
                                           text = ""This is a problem""
                                           type = ChalkTalkTokenType.String
                                           row = 4
                                           column = 2
                                         )
                                       )
                                     ]
                            )
                          ]
               id = null
             )
           ]
)
