Document(
  groups = [
             DefinesGroup(
               signature = "\f"
               id = IdStatement(
                 text = "\f"
                 texTalkRoot = ValidationSuccessImpl(
                   v = ExpressionTexTalkNode(
                     children = [
                                  Command(
                                    parts = [
                                              CommandPart(
                                                name = TextTexTalkNode(
                                                  type = TexTalkNodeType.Identifier
                                                  tokenType = TexTalkTokenType.Identifier
                                                  text = "f"
                                                  isVarArg = false
                                                )
                                                square = null
                                                subSup = null
                                                groups = [
                                                         ]
                                                paren = null
                                                namedGroups = [
                                                              ]
                                              )
                                            ]
                                  )
                                ]
                   )
                 )
               )
               definesSection = DefinesSection(
                 targets = [
                             AbstractionNode(
                               abstraction = Abstraction(
                                 isEnclosed = false
                                 isVarArgs = false
                                 parts = [
                                           AbstractionPart(
                                             name = Phase1Token(
                                               text = "X"
                                               type = ChalkTalkTokenType.Name
                                               row = 1
                                               column = 10
                                             )
                                             subParams = null
                                             params = null
                                             tail = null
                                           )
                                         ]
                                 subParams = null
                               )
                             )
                           ]
               )
               whenSection = null
               meansSection = MeansSection(
                 clauses = ClauseListNode(
                   clauses = [
                               IfGroup(
                                 ifSection = IfSection(
                                   clauses = ClauseListNode(
                                     clauses = [
                                                 AbstractionNode(
                                                   abstraction = Abstraction(
                                                     isEnclosed = false
                                                     isVarArgs = false
                                                     parts = [
                                                               AbstractionPart(
                                                                 name = Phase1Token(
                                                                   text = "x"
                                                                   type = ChalkTalkTokenType.Name
                                                                   row = 7
                                                                   column = 7
                                                                 )
                                                                 subParams = null
                                                                 params = null
                                                                 tail = null
                                                               )
                                                             ]
                                                     subParams = null
                                                   )
                                                 )
                                               ]
                                   )
                                 )
                                 thenSection = ThenSection(
                                   clauses = ClauseListNode(
                                     clauses = [
                                                 AbstractionNode(
                                                   abstraction = Abstraction(
                                                     isEnclosed = false
                                                     isVarArgs = false
                                                     parts = [
                                                               AbstractionPart(
                                                                 name = Phase1Token(
                                                                   text = "y"
                                                                   type = ChalkTalkTokenType.Name
                                                                   row = 8
                                                                   column = 9
                                                                 )
                                                                 subParams = null
                                                                 params = null
                                                                 tail = null
                                                               )
                                                             ]
                                                     subParams = null
                                                   )
                                                 )
                                               ]
                                   )
                                 )
                                 elseIfSections = [
                                                  ]
                                 elseSection = null
                               )
                             ]
                 )
               )
               computesSection = null
               usingSection = null
               whereSection = null
               writtenSection = null
               metaDataSection = null
             )
           ]
)
