Row: 2
Column: 2
Message:
Section 'exists' requires at least one argument.
EndMessage: