Row: 1
Column: 8
Message:
Expected an Target
EndMessage:


